
sourcing "nvim_exec2()"
finished sourcing nvim_exec2()
sourcing "/nix/store/ynk6nzjgfklnfqw8g6w5a9qk6d9lc7rr-neovim-unwrapped-0.12.4/share/nvim/runtime/ftplugin.vim"
finished sourcing /nix/store/ynk6nzjgfklnfqw8g6w5a9qk6d9lc7rr-neovim-unwrapped-0.12.4/share/nvim/runtime/ftplugin.vim
sourcing "/nix/store/ynk6nzjgfklnfqw8g6w5a9qk6d9lc7rr-neovim-unwrapped-0.12.4/share/nvim/runtime/indent.vim"
finished sourcing /nix/store/ynk6nzjgfklnfqw8g6w5a9qk6d9lc7rr-neovim-unwrapped-0.12.4/share/nvim/runtime/indent.vim
could not source "/etc/xdg/nvim/sysinit.vim"
could not source "/home/gleask/.nix-profile/etc/xdg/nvim/sysinit.vim"
could not source "/nix/profile/etc/xdg/nvim/sysinit.vim"
could not source "/home/gleask/.local/state/nix/profile/etc/xdg/nvim/sysinit.vim"
could not source "/etc/profiles/per-user/gleask/etc/xdg/nvim/sysinit.vim"
could not source "/nix/var/nix/profiles/default/etc/xdg/nvim/sysinit.vim"
could not source "/run/current-system/sw/etc/xdg/nvim/sysinit.vim"
could not source "$VIM/sysinit.vim"
line 0: sourcing "/nix/store/431qbs8k13gyc7dy1698ycm73an2p56g-neovim-configDir/init.lua"
line 0: sourcing "nvim_exec2() called at /nix/store/431qbs8k13gyc7dy1698ycm73an2p56g-neovim-configDir/init.lua:0"
line 1: sourcing "/nix/store/431qbs8k13gyc7dy1698ycm73an2p56g-neovim-configDir/pack/adios/start/tokyonight.nvim/colors/tokyonight.lua"
finished sourcing /nix/store/431qbs8k13gyc7dy1698ycm73an2p56g-neovim-configDir/pack/adios/start/tokyonight.nvim/colors/tokyonight.lua
continuing in nvim_exec2() called at /nix/store/431qbs8k13gyc7dy1698ycm73an2p56g-neovim-configDir/init.lua:0
finished sourcing nvim_exec2() called at /nix/store/431qbs8k13gyc7dy1698ycm73an2p56g-neovim-configDir/init.lua:0
continuing in /nix/store/431qbs8k13gyc7dy1698ycm73an2p56g-neovim-configDir/init.lua
not found in runtime path: "lua/lazy.lua"
not found in runtime path: "lua/lazy"
                                     Error in VIMINIT..script /nix/store/431qbs8k13gyc7dy1698ycm73an2p56g-neovim-configDir/init.lua:
                                                                                                                                    E5113: Lua chunk: ...ovim-unwrapped-0.12.4/share/nvim/runtime/lua/vim/lsp.lua:342: ...e/gleask/nixos/wrappers/neovim/nvim/after/lsp/lua_ls.lua:6: '}' expected (to close '{' at line 4) near 'hint'
stack traceback:
	[C]: in function 'assert'
	...ovim-unwrapped-0.12.4/share/nvim/runtime/lua/vim/lsp.lua:342: in function '__index'
	...ovim-unwrapped-0.12.4/share/nvim/runtime/lua/vim/lsp.lua:628: in function 'enable'
	/nix/store/pmcf8g569q3px9qsmxq3d87mndnqy3af-init.lua:4: in main chunk
	[C]: in function 'dofile'
	...1qbs8k13gyc7dy1698ycm73an2p56g-neovim-configDir/init.lua:7: in main chunk
not found in runtime path: "ftplugin/cmd[.]{vim,lua} ftplugin/cmd_*.{vim,lua} ftplugin/cmd/*.{vim,lua}"
not found in runtime path: "indent/cmd[.]{vim,lua}"
not found in runtime path: "ftplugin/dialog[.]{vim,lua} ftplugin/dialog_*.{vim,lua} ftplugin/dialog/*.{vim,lua}"
not found in runtime path: "indent/dialog[.]{vim,lua}"
not found in runtime path: "ftplugin/msg[.]{vim,lua} ftplugin/msg_*.{vim,lua} ftplugin/msg/*.{vim,lua}"
not found in runtime path: "indent/msg[.]{vim,lua}"
not found in runtime path: "ftplugin/pager[.]{vim,lua} ftplugin/pager_*.{vim,lua} ftplugin/pager/*.{vim,lua}"
not found in runtime path: "indent/pager[.]{vim,lua}"
finished sourcing /nix/store/431qbs8k13gyc7dy1698ycm73an2p56g-neovim-configDir/init.lua
continuing in VIMINIT
sourcing "/nix/store/ynk6nzjgfklnfqw8g6w5a9qk6d9lc7rr-neovim-unwrapped-0.12.4/share/nvim/runtime/filetype.lua"
line 0: sourcing "nvim_exec2() called at /nix/store/ynk6nzjgfklnfqw8g6w5a9qk6d9lc7rr-neovim-unwrapped-0.12.4/share/nvim/runtime/filetype.lua:0"
line 2: sourcing "/nix/store/33dvpbmhb7qaivj578f4vmi4yrfj9sxb-ghostty-1.3.1/share/nvim/site/ftdetect/ghostty.vim"
finished sourcing /nix/store/33dvpbmhb7qaivj578f4vmi4yrfj9sxb-ghostty-1.3.1/share/nvim/site/ftdetect/ghostty.vim
continuing in nvim_exec2() called at /nix/store/ynk6nzjgfklnfqw8g6w5a9qk6d9lc7rr-neovim-unwrapped-0.12.4/share/nvim/runtime/filetype.lua:0
finished sourcing nvim_exec2() called at /nix/store/ynk6nzjgfklnfqw8g6w5a9qk6d9lc7rr-neovim-unwrapped-0.12.4/share/nvim/runtime/filetype.lua:0
continuing in /nix/store/ynk6nzjgfklnfqw8g6w5a9qk6d9lc7rr-neovim-unwrapped-0.12.4/share/nvim/runtime/filetype.lua
finished sourcing /nix/store/ynk6nzjgfklnfqw8g6w5a9qk6d9lc7rr-neovim-unwrapped-0.12.4/share/nvim/runtime/filetype.lua
sourcing "/nix/store/ynk6nzjgfklnfqw8g6w5a9qk6d9lc7rr-neovim-unwrapped-0.12.4/share/nvim/runtime/syntax/syntax.vim"
line 20: sourcing "/nix/store/ynk6nzjgfklnfqw8g6w5a9qk6d9lc7rr-neovim-unwrapped-0.12.4/share/nvim/runtime/syntax/synload.vim"
finished sourcing /nix/store/ynk6nzjgfklnfqw8g6w5a9qk6d9lc7rr-neovim-unwrapped-0.12.4/share/nvim/runtime/syntax/synload.vim
continuing in /nix/store/ynk6nzjgfklnfqw8g6w5a9qk6d9lc7rr-neovim-unwrapped-0.12.4/share/nvim/runtime/syntax/syntax.vim
finished sourcing /nix/store/ynk6nzjgfklnfqw8g6w5a9qk6d9lc7rr-neovim-unwrapped-0.12.4/share/nvim/runtime/syntax/syntax.vim
sourcing "/nix/store/ynk6nzjgfklnfqw8g6w5a9qk6d9lc7rr-neovim-unwrapped-0.12.4/share/nvim/runtime/plugin/gzip.vim"
finished sourcing /nix/store/ynk6nzjgfklnfqw8g6w5a9qk6d9lc7rr-neovim-unwrapped-0.12.4/share/nvim/runtime/plugin/gzip.vim
sourcing "/nix/store/ynk6nzjgfklnfqw8g6w5a9qk6d9lc7rr-neovim-unwrapped-0.12.4/share/nvim/runtime/plugin/matchit.vim"
not found in 'packpath': "pack/*/start/matchit"
line 3: sourcing "/nix/store/ynk6nzjgfklnfqw8g6w5a9qk6d9lc7rr-neovim-unwrapped-0.12.4/share/nvim/runtime/pack/dist/opt/matchit/plugin/matchit.vim"
finished sourcing /nix/store/ynk6nzjgfklnfqw8g6w5a9qk6d9lc7rr-neovim-unwrapped-0.12.4/share/nvim/runtime/pack/dist/opt/matchit/plugin/matchit.vim
continuing in /nix/store/ynk6nzjgfklnfqw8g6w5a9qk6d9lc7rr-neovim-unwrapped-0.12.4/share/nvim/runtime/plugin/matchit.vim
finished sourcing /nix/store/ynk6nzjgfklnfqw8g6w5a9qk6d9lc7rr-neovim-unwrapped-0.12.4/share/nvim/runtime/plugin/matchit.vim
sourcing "/nix/store/ynk6nzjgfklnfqw8g6w5a9qk6d9lc7rr-neovim-unwrapped-0.12.4/share/nvim/runtime/plugin/matchparen.vim"
finished sourcing /nix/store/ynk6nzjgfklnfqw8g6w5a9qk6d9lc7rr-neovim-unwrapped-0.12.4/share/nvim/runtime/plugin/matchparen.vim
sourcing "/nix/store/ynk6nzjgfklnfqw8g6w5a9qk6d9lc7rr-neovim-unwrapped-0.12.4/share/nvim/runtime/plugin/netrwPlugin.vim"
not found in 'packpath': "pack/*/start/netrw"
line 7: sourcing "/nix/store/ynk6nzjgfklnfqw8g6w5a9qk6d9lc7rr-neovim-unwrapped-0.12.4/share/nvim/runtime/pack/dist/opt/netrw/plugin/netrwPlugin.vim"
finished sourcing /nix/store/ynk6nzjgfklnfqw8g6w5a9qk6d9lc7rr-neovim-unwrapped-0.12.4/share/nvim/runtime/pack/dist/opt/netrw/plugin/netrwPlugin.vim
continuing in /nix/store/ynk6nzjgfklnfqw8g6w5a9qk6d9lc7rr-neovim-unwrapped-0.12.4/share/nvim/runtime/plugin/netrwPlugin.vim
finished sourcing /nix/store/ynk6nzjgfklnfqw8g6w5a9qk6d9lc7rr-neovim-unwrapped-0.12.4/share/nvim/runtime/plugin/netrwPlugin.vim
sourcing "/nix/store/ynk6nzjgfklnfqw8g6w5a9qk6d9lc7rr-neovim-unwrapped-0.12.4/share/nvim/runtime/plugin/rplugin.vim"  1: ~/nixos/wrappers/neovim/vim/_core/defaults
  2: /nix/store/ynk6nzjgfklnfqw8g6w5a9qk6d9lc7rr-neovim-unwrapped-0.12.4/share/nvim/runtime/ftplugin.vim
  3: /nix/store/ynk6nzjgfklnfqw8g6w5a9qk6d9lc7rr-neovim-unwrapped-0.12.4/share/nvim/runtime/indent.vim
  4: /nix/store/431qbs8k13gyc7dy1698ycm73an2p56g-neovim-configDir/init.lua
  5: ~/nixos/wrappers/neovim/nvim/lua/lsp.lua
  6: ~/nixos/wrappers/neovim/nvim/lua/keybindings.lua
  7: /nix/store/w5x04jkzqmnn4awbszgv7m915wc79z3b-vimplugin-tokyonight.nvim-4.14.1-unstable-2026-03-24/colors/tokyonight.lua
  8: /nix/store/w5x04jkzqmnn4awbszgv7m915wc79z3b-vimplugin-tokyonight.nvim-4.14.1-unstable-2026-03-24/lua/tokyonight/theme.lua
  9: /nix/store/2j527fsqpway3sp9iaxs8yjkzafafqvz-vimplugin-nvim-highlight-colors-0-unstable-2026-05-05/lua/nvim-highlight-colors/init.lua
 10: /nix/store/ynk6nzjgfklnfqw8g6w5a9qk6d9lc7rr-neovim-unwrapped-0.12.4/share/nvim/runtime/lua/vim/lsp.lua
 11: ~/nixos/wrappers/neovim/vim/_core/ui2
 12: ~/nixos/wrappers/neovim/nvim/lua/options.lua
 13: /nix/store/6ysn7c8hyhxmskqq5v4bxfsf4h5531ck-vimplugin-luajit2.1-lz.n-2.11.3-1-unstable-2.11.3-1/lua/lz/n/handler/event.lua
 14: /nix/store/ynk6nzjgfklnfqw8g6w5a9qk6d9lc7rr-neovim-unwrapped-0.12.4/share/nvim/runtime/filetype.lua
 15: /nix/store/33dvpbmhb7qaivj578f4vmi4yrfj9sxb-ghostty-1.3.1/share/nvim/site/ftdetect/ghostty.vim
 16: /nix/store/ynk6nzjgfklnfqw8g6w5a9qk6d9lc7rr-neovim-unwrapped-0.12.4/share/nvim/runtime/syntax/syntax.vim
 17: /nix/store/ynk6nzjgfklnfqw8g6w5a9qk6d9lc7rr-neovim-unwrapped-0.12.4/share/nvim/runtime/syntax/synload.vim
 18: /nix/store/ynk6nzjgfklnfqw8g6w5a9qk6d9lc7rr-neovim-unwrapped-0.12.4/share/nvim/runtime/plugin/gzip.vim
 19: /nix/store/ynk6nzjgfklnfqw8g6w5a9qk6d9lc7rr-neovim-unwrapped-0.12.4/share/nvim/runtime/plugin/matchit.vim
 20: /nix/store/ynk6nzjgfklnfqw8g6w5a9qk6d9lc7rr-neovim-unwrapped-0.12.4/share/nvim/runtime/pack/dist/opt/matchit/plugin/matchit.vim
 21: /nix/store/ynk6nzjgfklnfqw8g6w5a9qk6d9lc7rr-neovim-unwrapped-0.12.4/share/nvim/runtime/plugin/matchparen.vim
 22: /nix/store/ynk6nzjgfklnfqw8g6w5a9qk6d9lc7rr-neovim-unwrapped-0.12.4/share/nvim/runtime/plugin/netrwPlugin.vim
 23: /nix/store/ynk6nzjgfklnfqw8g6w5a9qk6d9lc7rr-neovim-unwrapped-0.12.4/share/nvim/runtime/pack/dist/opt/netrw/plugin/netrwPlugin.vim
 24: /nix/store/ynk6nzjgfklnfqw8g6w5a9qk6d9lc7rr-neovim-unwrapped-0.12.4/share/nvim/runtime/plugin/rplugin.vim
finished sourcing /nix/store/ynk6nzjgfklnfqw8g6w5a9qk6d9lc7rr-neovim-unwrapped-0.12.4/share/nvim/runtime/plugin/rplugin.vim
sourcing "/nix/store/ynk6nzjgfklnfqw8g6w5a9qk6d9lc7rr-neovim-unwrapped-0.12.4/share/nvim/runtime/plugin/tarPlugin.vim"
finished sourcing /nix/store/ynk6nzjgfklnfqw8g6w5a9qk6d9lc7rr-neovim-unwrapped-0.12.4/share/nvim/runtime/plugin/tarPlugin.vim
sourcing "/nix/store/ynk6nzjgfklnfqw8g6w5a9qk6d9lc7rr-neovim-unwrapped-0.12.4/share/nvim/runtime/plugin/tutor.vim"
finished sourcing /nix/store/ynk6nzjgfklnfqw8g6w5a9qk6d9lc7rr-neovim-unwrapped-0.12.4/share/nvim/runtime/plugin/tutor.vim
sourcing "/nix/store/ynk6nzjgfklnfqw8g6w5a9qk6d9lc7rr-neovim-unwrapped-0.12.4/share/nvim/runtime/plugin/zipPlugin.vim"
finished sourcing /nix/store/ynk6nzjgfklnfqw8g6w5a9qk6d9lc7rr-neovim-unwrapped-0.12.4/share/nvim/runtime/plugin/zipPlugin.vim
sourcing "/nix/store/ynk6nzjgfklnfqw8g6w5a9qk6d9lc7rr-neovim-unwrapped-0.12.4/share/nvim/runtime/plugin/editorconfig.lua"
finished sourcing /nix/store/ynk6nzjgfklnfqw8g6w5a9qk6d9lc7rr-neovim-unwrapped-0.12.4/share/nvim/runtime/plugin/editorconfig.lua
sourcing "/nix/store/ynk6nzjgfklnfqw8g6w5a9qk6d9lc7rr-neovim-unwrapped-0.12.4/share/nvim/runtime/plugin/man.lua"
finished sourcing /nix/store/ynk6nzjgfklnfqw8g6w5a9qk6d9lc7rr-neovim-unwrapped-0.12.4/share/nvim/runtime/plugin/man.lua
sourcing "/nix/store/ynk6nzjgfklnfqw8g6w5a9qk6d9lc7rr-neovim-unwrapped-0.12.4/share/nvim/runtime/plugin/net.lua"
finished sourcing /nix/store/ynk6nzjgfklnfqw8g6w5a9qk6d9lc7rr-neovim-unwrapped-0.12.4/share/nvim/runtime/plugin/net.lua
sourcing "/nix/store/ynk6nzjgfklnfqw8g6w5a9qk6d9lc7rr-neovim-unwrapped-0.12.4/share/nvim/runtime/plugin/osc52.lua"
finished sourcing /nix/store/ynk6nzjgfklnfqw8g6w5a9qk6d9lc7rr-neovim-unwrapped-0.12.4/share/nvim/runtime/plugin/osc52.lua
sourcing "/nix/store/ynk6nzjgfklnfqw8g6w5a9qk6d9lc7rr-neovim-unwrapped-0.12.4/share/nvim/runtime/plugin/shada.lua"
finished sourcing /nix/store/ynk6nzjgfklnfqw8g6w5a9qk6d9lc7rr-neovim-unwrapped-0.12.4/share/nvim/runtime/plugin/shada.lua
sourcing "/nix/store/ynk6nzjgfklnfqw8g6w5a9qk6d9lc7rr-neovim-unwrapped-0.12.4/share/nvim/runtime/plugin/spellfile.lua"
finished sourcing /nix/store/ynk6nzjgfklnfqw8g6w5a9qk6d9lc7rr-neovim-unwrapped-0.12.4/share/nvim/runtime/plugin/spellfile.lua
sourcing "/nix/store/431qbs8k13gyc7dy1698ycm73an2p56g-neovim-configDir/pack/adios/start/blink.cmp/plugin/blink-cmp.lua"
finished sourcing /nix/store/431qbs8k13gyc7dy1698ycm73an2p56g-neovim-configDir/pack/adios/start/blink.cmp/plugin/blink-cmp.lua
sourcing "/nix/store/431qbs8k13gyc7dy1698ycm73an2p56g-neovim-configDir/pack/adios/start/canola.nvim/plugin/canola.lua"
finished sourcing /nix/store/431qbs8k13gyc7dy1698ycm73an2p56g-neovim-configDir/pack/adios/start/canola.nvim/plugin/canola.lua
sourcing "/nix/store/431qbs8k13gyc7dy1698ycm73an2p56g-neovim-configDir/pack/adios/start/conform.nvim/plugin/conform.lua"
finished sourcing /nix/store/431qbs8k13gyc7dy1698ycm73an2p56g-neovim-configDir/pack/adios/start/conform.nvim/plugin/conform.lua
sourcing "/nix/store/431qbs8k13gyc7dy1698ycm73an2p56g-neovim-configDir/pack/adios/start/fzf-lua/plugin/fzf-lua.lua"
finished sourcing /nix/store/431qbs8k13gyc7dy1698ycm73an2p56g-neovim-configDir/pack/adios/start/fzf-lua/plugin/fzf-lua.lua
sourcing "/nix/store/431qbs8k13gyc7dy1698ycm73an2p56g-neovim-configDir/pack/adios/start/luasnip/plugin/luasnip.vim"
finished sourcing /nix/store/431qbs8k13gyc7dy1698ycm73an2p56g-neovim-configDir/pack/adios/start/luasnip/plugin/luasnip.vim
sourcing "/nix/store/431qbs8k13gyc7dy1698ycm73an2p56g-neovim-configDir/pack/adios/start/luasnip/plugin/luasnip.lua"
finished sourcing /nix/store/431qbs8k13gyc7dy1698ycm73an2p56g-neovim-configDir/pack/adios/start/luasnip/plugin/luasnip.lua
sourcing "/nix/store/431qbs8k13gyc7dy1698ycm73an2p56g-neovim-configDir/pack/adios/start/nvim-lspconfig/plugin/lspconfig.lua"
finished sourcing /nix/store/431qbs8k13gyc7dy1698ycm73an2p56g-neovim-configDir/pack/adios/start/nvim-lspconfig/plugin/lspconfig.lua
sourcing "/nix/store/431qbs8k13gyc7dy1698ycm73an2p56g-neovim-configDir/pack/adios/start/nvim-surround/plugin/nvim-surround.lua"
finished sourcing /nix/store/431qbs8k13gyc7dy1698ycm73an2p56g-neovim-configDir/pack/adios/start/nvim-surround/plugin/nvim-surround.lua
sourcing "/nix/store/431qbs8k13gyc7dy1698ycm73an2p56g-neovim-configDir/pack/adios/start/nvim-treesitter/plugin/filetypes.lua"
finished sourcing /nix/store/431qbs8k13gyc7dy1698ycm73an2p56g-neovim-configDir/pack/adios/start/nvim-treesitter/plugin/filetypes.lua
sourcing "/nix/store/431qbs8k13gyc7dy1698ycm73an2p56g-neovim-configDir/pack/adios/start/nvim-treesitter/plugin/nvim-treesitter.lua"
finished sourcing /nix/store/431qbs8k13gyc7dy1698ycm73an2p56g-neovim-configDir/pack/adios/start/nvim-treesitter/plugin/nvim-treesitter.lua
sourcing "/nix/store/431qbs8k13gyc7dy1698ycm73an2p56g-neovim-configDir/pack/adios/start/nvim-treesitter/plugin/query_predicates.lua"
finished sourcing /nix/store/431qbs8k13gyc7dy1698ycm73an2p56g-neovim-configDir/pack/adios/start/nvim-treesitter/plugin/query_predicates.lua
sourcing "/nix/store/431qbs8k13gyc7dy1698ycm73an2p56g-neovim-configDir/pack/adios/start/nvim-web-devicons/plugin/nvim-web-devicons.vim"
finished sourcing /nix/store/431qbs8k13gyc7dy1698ycm73an2p56g-neovim-configDir/pack/adios/start/nvim-web-devicons/plugin/nvim-web-devicons.vim
sourcing "/nix/store/431qbs8k13gyc7dy1698ycm73an2p56g-neovim-configDir/pack/adios/start/onedarkpro.nvim/plugin/onedarkpro.lua"
finished sourcing /nix/store/431qbs8k13gyc7dy1698ycm73an2p56g-neovim-configDir/pack/adios/start/onedarkpro.nvim/plugin/onedarkpro.lua
sourcing "/nix/store/431qbs8k13gyc7dy1698ycm73an2p56g-neovim-configDir/pack/adios/start/rainbow-delimiters.nvim/plugin/rainbow-delimiters.lua"
finished sourcing /nix/store/431qbs8k13gyc7dy1698ycm73an2p56g-neovim-configDir/pack/adios/start/rainbow-delimiters.nvim/plugin/rainbow-delimiters.lua
not found in 'packpath': "start/*"
not found in runtime path: "plugin/**/*"
Reading ShaDa file "/home/gleask/.local/state/nvim/shada/main.shada" info marks oldfiles


--- Terminal info --- {{{
&term: ghostty
using terminfo database

Boolean capabilities:
  back_color_erase: true
  truecolor ('Tc' or 'RGB'): true
  extended underline ('Su'): true

Numeric capabilities: (-1 for unknown)
  lines: 24
  columns: 80
  max_colors: 80

String capabilities:
  carriage_return                 = ^M
  change_scroll_region            = ^[[%i%p1%d;%p2%dr
  clear_screen                    = ^[[H^[[2J
  clr_eol                         = ^[[K
  clr_eos                         = ^[[J
  cursor_address                  = ^[[%i%p1%d;%p2%dH
  cursor_down                     = ^@
  cursor_invisible                = ^[[?25l
  cursor_left                     = ^H
  cursor_home                     = ^[[H
  cursor_normal                   = ^[[?25h
  cursor_up                       = ^[[A
  cursor_right                    = ^[[C
  delete_line                     = ^[[M
  enter_blink_mode                = ^[[5m
  enter_bold_mode                 = ^[[1m
  enter_ca_mode                   = ^[[?1049h
  enter_dim_mode                  = ^[[2m
  enter_italics_mode              = ^[[3m
  enter_reverse_mode              = ^[[7m
  enter_secure_mode               = ^[[8m
  enter_standout_mode             = ^[[7m
  enter_underline_mode            = ^[[4m
  erase_chars                     = ^[[%p1%dX
  exit_attribute_mode             = ^[(B^[[m
  exit_ca_mode                    = ^[[?1049l
  from_status_line                = ^G
  insert_line                     = ^[[L
  keypad_local                    = ^[[?1l^[>
  keypad_xmit                     = ^[[?1h^[=
  parm_delete_line                = ^[[%p1%dM
  parm_down_cursor                = ^[[%p1%dB
  parm_insert_line                = ^[[%p1%dL
  parm_left_cursor                = ^[[%p1%dD
  parm_right_cursor               = ^[[%p1%dC
  parm_up_cursor                  = ^[[%p1%dA
  set_a_background                = ^[[%?%p1%{8}%<%t4%p1%d%e%p1%{16}%<%t10%p1%{8}%-%d%e48;5;%p1%d%;m
  set_a_foreground                = ^[[%?%p1%{8}%<%t3%p1%d%e%p1%{16}%<%t9%p1%{8}%-%d%e38;5;%p1%d%;m
  set_attributes                  = %?%p9%t^[(0%e^[(B%;^[[0%?%p6%t;1%;%?%p5%t;2%;%?%p2%t;4%;%?%p1%p3%|%t;7%;%?%p4%t;5%;%?%p7%t;8%;m
  to_status_line                  = ^[]2;
  reset_cursor_style (Se)         = ^[[2 q
  set_cursor_style (Ss)           = ^[[%p1%d q
  enter_strikethrough_mode (smxx) = ^[[9m
  set_rgb_foreground (setrgbf)    = ^[[38:2:%p1%d:%p2%d:%p3%dm
  set_rgb_background (setrgbb)    = ^[[48:2:%p1%d:%p2%d:%p3%dm
  set_underline_style (Smulx)     = ^[[4:%p1%dm
  key_btab                        = ^[[Z
  key_dc                          = ^[[3~, key_sdc = ^[[3;2~
  key_end                         = ^[OF, key_send = ^[[1;2F
  key_home                        = ^[OH, key_shome = ^[[1;2H
  key_ic                          = ^[[2~, key_sic = ^[[2;2~
  key_npage                       = ^[[6~
  key_ppage                       = ^[[5~
  key_left                        = ^[OD, key_sleft = ^[[1;2D
  key_right                       = ^[OC, key_sright = ^[[1;2C
  key_f2                          = ^[OQ
  key_f3                          = ^[OR
  key_f4                          = ^[OS
  key_f5                          = ^[[15~
  key_f6                          = ^[[17~
  key_f7                          = ^[[18~
  key_f8                          = ^[[19~
  key_f9                          = ^[[20~
  key_f10                         = ^[[21~
  key_f11                         = ^[[23~
  key_f12                         = ^[[24~
  key_f13                         = ^[[1;2P
  key_f14                         = ^[[1;2Q
  key_f15                         = ^[[1;2R
  key_f16                         = ^[[1;2S
  key_f17                         = ^[[15;2~
  key_f18                         = ^[[17;2~
  key_f19                         = ^[[18;2~
  key_f20                         = ^[[19;2~
  key_f21                         = ^[[20;2~
  key_f22                         = ^[[21;2~
  key_f23                         = ^[[23;2~
  key_f24                         = ^[[24;2~
  key_f25                         = ^[[1;5P
  key_f26                         = ^[[1;5Q
  key_f27                         = ^[[1;5R
  key_f28                         = ^[[1;5S
  key_f29                         = ^[[15;5~
  key_f30                         = ^[[17;5~
  key_f31                         = ^[[18;5~
  key_f32                         = ^[[19;5~
  key_f33                         = ^[[20;5~
  key_f34                         = ^[[21;5~
  key_f35                         = ^[[23;5~
  key_f36                         = ^[[24;5~
  key_f37                         = ^[[1;6P
  key_f38                         = ^[[1;6Q
  key_f39                         = ^[[1;6R
  key_f40                         = ^[[1;6S
  key_f41                         = ^[[15;6~
  key_f42                         = ^[[17;6~
  key_f43                         = ^[[18;6~
  key_f44                         = ^[[19;6~
  key_f45                         = ^[[20;6~
  key_f46                         = ^[[21;6~
  key_f47                         = ^[[23;6~
  key_f48                         = ^[[24;6~
  key_f49                         = ^[[1;3P
  key_f50                         = ^[[1;3Q
  key_f51                         = ^[[1;3R
  key_f52                         = ^[[1;3S
  key_f53                         = ^[[15;3~
  key_f54                         = ^[[17;3~
  key_f55                         = ^[[18;3~
  key_f56                         = ^[[19;3~
  key_f57                         = ^[[20;3~
  key_f58                         = ^[[21;3~
  key_f59                         = ^[[23;3~
  key_f60                         = ^[[24;3~
  key_f61                         = ^[[1;4P
  key_f62                         = ^[[1;4Q
  key_f63                         = ^[[1;4R
}}}


Writing ShaDa file "/home/gleask/.local/state/nvim/shada/main.shada"
sourcing "nvim_exec2()"
finished sourcing nvim_exec2()
sourcing "/nix/store/ynk6nzjgfklnfqw8g6w5a9qk6d9lc7rr-neovim-unwrapped-0.12.4/share/nvim/runtime/ftplugin.vim"
finished sourcing /nix/store/ynk6nzjgfklnfqw8g6w5a9qk6d9lc7rr-neovim-unwrapped-0.12.4/share/nvim/runtime/ftplugin.vim
sourcing "/nix/store/ynk6nzjgfklnfqw8g6w5a9qk6d9lc7rr-neovim-unwrapped-0.12.4/share/nvim/runtime/indent.vim"
finished sourcing /nix/store/ynk6nzjgfklnfqw8g6w5a9qk6d9lc7rr-neovim-unwrapped-0.12.4/share/nvim/runtime/indent.vim
could not source "/etc/xdg/nvim/sysinit.vim"
could not source "/home/gleask/.nix-profile/etc/xdg/nvim/sysinit.vim"
could not source "/nix/profile/etc/xdg/nvim/sysinit.vim"
could not source "/home/gleask/.local/state/nix/profile/etc/xdg/nvim/sysinit.vim"
could not source "/etc/profiles/per-user/gleask/etc/xdg/nvim/sysinit.vim"
could not source "/nix/var/nix/profiles/default/etc/xdg/nvim/sysinit.vim"
could not source "/run/current-system/sw/etc/xdg/nvim/sysinit.vim"
could not source "$VIM/sysinit.vim"
line 0: sourcing "/nix/store/431qbs8k13gyc7dy1698ycm73an2p56g-neovim-configDir/init.lua"
line 0: sourcing "nvim_exec2() called at /nix/store/431qbs8k13gyc7dy1698ycm73an2p56g-neovim-configDir/init.lua:0"
line 1: sourcing "/nix/store/431qbs8k13gyc7dy1698ycm73an2p56g-neovim-configDir/pack/adios/start/tokyonight.nvim/colors/tokyonight.lua"
finished sourcing /nix/store/431qbs8k13gyc7dy1698ycm73an2p56g-neovim-configDir/pack/adios/start/tokyonight.nvim/colors/tokyonight.lua
continuing in nvim_exec2() called at /nix/store/431qbs8k13gyc7dy1698ycm73an2p56g-neovim-configDir/init.lua:0
finished sourcing nvim_exec2() called at /nix/store/431qbs8k13gyc7dy1698ycm73an2p56g-neovim-configDir/init.lua:0
continuing in /nix/store/431qbs8k13gyc7dy1698ycm73an2p56g-neovim-configDir/init.lua
not found in runtime path: "lua/lazy.lua"
not found in runtime path: "lua/lazy"
                                     Error in VIMINIT..script /nix/store/431qbs8k13gyc7dy1698ycm73an2p56g-neovim-configDir/init.lua:
                                                                                                                                    E5113: Lua chunk: ...ovim-unwrapped-0.12.4/share/nvim/runtime/lua/vim/lsp.lua:342: ...e/gleask/nixos/wrappers/neovim/nvim/after/lsp/lua_ls.lua:6: '}' expected (to close '{' at line 4) near 'hint'
stack traceback:
	[C]: in function 'assert'
	...ovim-unwrapped-0.12.4/share/nvim/runtime/lua/vim/lsp.lua:342: in function '__index'
	...ovim-unwrapped-0.12.4/share/nvim/runtime/lua/vim/lsp.lua:628: in function 'enable'
	/nix/store/pmcf8g569q3px9qsmxq3d87mndnqy3af-init.lua:4: in main chunk
	[C]: in function 'dofile'
	...1qbs8k13gyc7dy1698ycm73an2p56g-neovim-configDir/init.lua:7: in main chunk
not found in runtime path: "ftplugin/cmd[.]{vim,lua} ftplugin/cmd_*.{vim,lua} ftplugin/cmd/*.{vim,lua}"
not found in runtime path: "indent/cmd[.]{vim,lua}"
not found in runtime path: "ftplugin/dialog[.]{vim,lua} ftplugin/dialog_*.{vim,lua} ftplugin/dialog/*.{vim,lua}"
not found in runtime path: "indent/dialog[.]{vim,lua}"
not found in runtime path: "ftplugin/msg[.]{vim,lua} ftplugin/msg_*.{vim,lua} ftplugin/msg/*.{vim,lua}"
not found in runtime path: "indent/msg[.]{vim,lua}"
not found in runtime path: "ftplugin/pager[.]{vim,lua} ftplugin/pager_*.{vim,lua} ftplugin/pager/*.{vim,lua}"
not found in runtime path: "indent/pager[.]{vim,lua}"
finished sourcing /nix/store/431qbs8k13gyc7dy1698ycm73an2p56g-neovim-configDir/init.lua
continuing in VIMINIT
sourcing "/nix/store/ynk6nzjgfklnfqw8g6w5a9qk6d9lc7rr-neovim-unwrapped-0.12.4/share/nvim/runtime/filetype.lua"
line 0: sourcing "nvim_exec2() called at /nix/store/ynk6nzjgfklnfqw8g6w5a9qk6d9lc7rr-neovim-unwrapped-0.12.4/share/nvim/runtime/filetype.lua:0"
line 2: sourcing "/nix/store/33dvpbmhb7qaivj578f4vmi4yrfj9sxb-ghostty-1.3.1/share/nvim/site/ftdetect/ghostty.vim"
finished sourcing /nix/store/33dvpbmhb7qaivj578f4vmi4yrfj9sxb-ghostty-1.3.1/share/nvim/site/ftdetect/ghostty.vim
continuing in nvim_exec2() called at /nix/store/ynk6nzjgfklnfqw8g6w5a9qk6d9lc7rr-neovim-unwrapped-0.12.4/share/nvim/runtime/filetype.lua:0
finished sourcing nvim_exec2() called at /nix/store/ynk6nzjgfklnfqw8g6w5a9qk6d9lc7rr-neovim-unwrapped-0.12.4/share/nvim/runtime/filetype.lua:0
continuing in /nix/store/ynk6nzjgfklnfqw8g6w5a9qk6d9lc7rr-neovim-unwrapped-0.12.4/share/nvim/runtime/filetype.lua
finished sourcing /nix/store/ynk6nzjgfklnfqw8g6w5a9qk6d9lc7rr-neovim-unwrapped-0.12.4/share/nvim/runtime/filetype.lua
sourcing "/nix/store/ynk6nzjgfklnfqw8g6w5a9qk6d9lc7rr-neovim-unwrapped-0.12.4/share/nvim/runtime/syntax/syntax.vim"
line 20: sourcing "/nix/store/ynk6nzjgfklnfqw8g6w5a9qk6d9lc7rr-neovim-unwrapped-0.12.4/share/nvim/runtime/syntax/synload.vim"
finished sourcing /nix/store/ynk6nzjgfklnfqw8g6w5a9qk6d9lc7rr-neovim-unwrapped-0.12.4/share/nvim/runtime/syntax/synload.vim
continuing in /nix/store/ynk6nzjgfklnfqw8g6w5a9qk6d9lc7rr-neovim-unwrapped-0.12.4/share/nvim/runtime/syntax/syntax.vim
finished sourcing /nix/store/ynk6nzjgfklnfqw8g6w5a9qk6d9lc7rr-neovim-unwrapped-0.12.4/share/nvim/runtime/syntax/syntax.vim
sourcing "/nix/store/ynk6nzjgfklnfqw8g6w5a9qk6d9lc7rr-neovim-unwrapped-0.12.4/share/nvim/runtime/plugin/gzip.vim"
finished sourcing /nix/store/ynk6nzjgfklnfqw8g6w5a9qk6d9lc7rr-neovim-unwrapped-0.12.4/share/nvim/runtime/plugin/gzip.vim
sourcing "/nix/store/ynk6nzjgfklnfqw8g6w5a9qk6d9lc7rr-neovim-unwrapped-0.12.4/share/nvim/runtime/plugin/matchit.vim"
not found in 'packpath': "pack/*/start/matchit"
line 3: sourcing "/nix/store/ynk6nzjgfklnfqw8g6w5a9qk6d9lc7rr-neovim-unwrapped-0.12.4/share/nvim/runtime/pack/dist/opt/matchit/plugin/matchit.vim"
finished sourcing /nix/store/ynk6nzjgfklnfqw8g6w5a9qk6d9lc7rr-neovim-unwrapped-0.12.4/share/nvim/runtime/pack/dist/opt/matchit/plugin/matchit.vim
continuing in /nix/store/ynk6nzjgfklnfqw8g6w5a9qk6d9lc7rr-neovim-unwrapped-0.12.4/share/nvim/runtime/plugin/matchit.vim
finished sourcing /nix/store/ynk6nzjgfklnfqw8g6w5a9qk6d9lc7rr-neovim-unwrapped-0.12.4/share/nvim/runtime/plugin/matchit.vim
sourcing "/nix/store/ynk6nzjgfklnfqw8g6w5a9qk6d9lc7rr-neovim-unwrapped-0.12.4/share/nvim/runtime/plugin/matchparen.vim"
finished sourcing /nix/store/ynk6nzjgfklnfqw8g6w5a9qk6d9lc7rr-neovim-unwrapped-0.12.4/share/nvim/runtime/plugin/matchparen.vim
sourcing "/nix/store/ynk6nzjgfklnfqw8g6w5a9qk6d9lc7rr-neovim-unwrapped-0.12.4/share/nvim/runtime/plugin/netrwPlugin.vim"
not found in 'packpath': "pack/*/start/netrw"
line 7: sourcing "/nix/store/ynk6nzjgfklnfqw8g6w5a9qk6d9lc7rr-neovim-unwrapped-0.12.4/share/nvim/runtime/pack/dist/opt/netrw/plugin/netrwPlugin.vim"
finished sourcing /nix/store/ynk6nzjgfklnfqw8g6w5a9qk6d9lc7rr-neovim-unwrapped-0.12.4/share/nvim/runtime/pack/dist/opt/netrw/plugin/netrwPlugin.vim
continuing in /nix/store/ynk6nzjgfklnfqw8g6w5a9qk6d9lc7rr-neovim-unwrapped-0.12.4/share/nvim/runtime/plugin/netrwPlugin.vim
finished sourcing /nix/store/ynk6nzjgfklnfqw8g6w5a9qk6d9lc7rr-neovim-unwrapped-0.12.4/share/nvim/runtime/plugin/netrwPlugin.vim
sourcing "/nix/store/ynk6nzjgfklnfqw8g6w5a9qk6d9lc7rr-neovim-unwrapped-0.12.4/share/nvim/runtime/plugin/rplugin.vim"  1: ~/nixos/wrappers/neovim/vim/_core/defaults
  2: /nix/store/ynk6nzjgfklnfqw8g6w5a9qk6d9lc7rr-neovim-unwrapped-0.12.4/share/nvim/runtime/ftplugin.vim
  3: /nix/store/ynk6nzjgfklnfqw8g6w5a9qk6d9lc7rr-neovim-unwrapped-0.12.4/share/nvim/runtime/indent.vim
  4: /nix/store/431qbs8k13gyc7dy1698ycm73an2p56g-neovim-configDir/init.lua
  5: ~/nixos/wrappers/neovim/nvim/lua/lsp.lua
  6: ~/nixos/wrappers/neovim/nvim/lua/keybindings.lua
  7: /nix/store/w5x04jkzqmnn4awbszgv7m915wc79z3b-vimplugin-tokyonight.nvim-4.14.1-unstable-2026-03-24/colors/tokyonight.lua
  8: /nix/store/w5x04jkzqmnn4awbszgv7m915wc79z3b-vimplugin-tokyonight.nvim-4.14.1-unstable-2026-03-24/lua/tokyonight/theme.lua
  9: /nix/store/2j527fsqpway3sp9iaxs8yjkzafafqvz-vimplugin-nvim-highlight-colors-0-unstable-2026-05-05/lua/nvim-highlight-colors/init.lua
 10: /nix/store/ynk6nzjgfklnfqw8g6w5a9qk6d9lc7rr-neovim-unwrapped-0.12.4/share/nvim/runtime/lua/vim/lsp.lua
 11: ~/nixos/wrappers/neovim/vim/_core/ui2
 12: ~/nixos/wrappers/neovim/nvim/lua/options.lua
 13: /nix/store/6ysn7c8hyhxmskqq5v4bxfsf4h5531ck-vimplugin-luajit2.1-lz.n-2.11.3-1-unstable-2.11.3-1/lua/lz/n/handler/event.lua
 14: /nix/store/ynk6nzjgfklnfqw8g6w5a9qk6d9lc7rr-neovim-unwrapped-0.12.4/share/nvim/runtime/filetype.lua
 15: /nix/store/33dvpbmhb7qaivj578f4vmi4yrfj9sxb-ghostty-1.3.1/share/nvim/site/ftdetect/ghostty.vim
 16: /nix/store/ynk6nzjgfklnfqw8g6w5a9qk6d9lc7rr-neovim-unwrapped-0.12.4/share/nvim/runtime/syntax/syntax.vim
 17: /nix/store/ynk6nzjgfklnfqw8g6w5a9qk6d9lc7rr-neovim-unwrapped-0.12.4/share/nvim/runtime/syntax/synload.vim
 18: /nix/store/ynk6nzjgfklnfqw8g6w5a9qk6d9lc7rr-neovim-unwrapped-0.12.4/share/nvim/runtime/plugin/gzip.vim
 19: /nix/store/ynk6nzjgfklnfqw8g6w5a9qk6d9lc7rr-neovim-unwrapped-0.12.4/share/nvim/runtime/plugin/matchit.vim
 20: /nix/store/ynk6nzjgfklnfqw8g6w5a9qk6d9lc7rr-neovim-unwrapped-0.12.4/share/nvim/runtime/pack/dist/opt/matchit/plugin/matchit.vim
 21: /nix/store/ynk6nzjgfklnfqw8g6w5a9qk6d9lc7rr-neovim-unwrapped-0.12.4/share/nvim/runtime/plugin/matchparen.vim
 22: /nix/store/ynk6nzjgfklnfqw8g6w5a9qk6d9lc7rr-neovim-unwrapped-0.12.4/share/nvim/runtime/plugin/netrwPlugin.vim
 23: /nix/store/ynk6nzjgfklnfqw8g6w5a9qk6d9lc7rr-neovim-unwrapped-0.12.4/share/nvim/runtime/pack/dist/opt/netrw/plugin/netrwPlugin.vim
 24: /nix/store/ynk6nzjgfklnfqw8g6w5a9qk6d9lc7rr-neovim-unwrapped-0.12.4/share/nvim/runtime/plugin/rplugin.vim
finished sourcing /nix/store/ynk6nzjgfklnfqw8g6w5a9qk6d9lc7rr-neovim-unwrapped-0.12.4/share/nvim/runtime/plugin/rplugin.vim
sourcing "/nix/store/ynk6nzjgfklnfqw8g6w5a9qk6d9lc7rr-neovim-unwrapped-0.12.4/share/nvim/runtime/plugin/tarPlugin.vim"
finished sourcing /nix/store/ynk6nzjgfklnfqw8g6w5a9qk6d9lc7rr-neovim-unwrapped-0.12.4/share/nvim/runtime/plugin/tarPlugin.vim
sourcing "/nix/store/ynk6nzjgfklnfqw8g6w5a9qk6d9lc7rr-neovim-unwrapped-0.12.4/share/nvim/runtime/plugin/tutor.vim"
finished sourcing /nix/store/ynk6nzjgfklnfqw8g6w5a9qk6d9lc7rr-neovim-unwrapped-0.12.4/share/nvim/runtime/plugin/tutor.vim
sourcing "/nix/store/ynk6nzjgfklnfqw8g6w5a9qk6d9lc7rr-neovim-unwrapped-0.12.4/share/nvim/runtime/plugin/zipPlugin.vim"
finished sourcing /nix/store/ynk6nzjgfklnfqw8g6w5a9qk6d9lc7rr-neovim-unwrapped-0.12.4/share/nvim/runtime/plugin/zipPlugin.vim
sourcing "/nix/store/ynk6nzjgfklnfqw8g6w5a9qk6d9lc7rr-neovim-unwrapped-0.12.4/share/nvim/runtime/plugin/editorconfig.lua"
finished sourcing /nix/store/ynk6nzjgfklnfqw8g6w5a9qk6d9lc7rr-neovim-unwrapped-0.12.4/share/nvim/runtime/plugin/editorconfig.lua
sourcing "/nix/store/ynk6nzjgfklnfqw8g6w5a9qk6d9lc7rr-neovim-unwrapped-0.12.4/share/nvim/runtime/plugin/man.lua"
finished sourcing /nix/store/ynk6nzjgfklnfqw8g6w5a9qk6d9lc7rr-neovim-unwrapped-0.12.4/share/nvim/runtime/plugin/man.lua
sourcing "/nix/store/ynk6nzjgfklnfqw8g6w5a9qk6d9lc7rr-neovim-unwrapped-0.12.4/share/nvim/runtime/plugin/net.lua"
finished sourcing /nix/store/ynk6nzjgfklnfqw8g6w5a9qk6d9lc7rr-neovim-unwrapped-0.12.4/share/nvim/runtime/plugin/net.lua
sourcing "/nix/store/ynk6nzjgfklnfqw8g6w5a9qk6d9lc7rr-neovim-unwrapped-0.12.4/share/nvim/runtime/plugin/osc52.lua"
finished sourcing /nix/store/ynk6nzjgfklnfqw8g6w5a9qk6d9lc7rr-neovim-unwrapped-0.12.4/share/nvim/runtime/plugin/osc52.lua
sourcing "/nix/store/ynk6nzjgfklnfqw8g6w5a9qk6d9lc7rr-neovim-unwrapped-0.12.4/share/nvim/runtime/plugin/shada.lua"
finished sourcing /nix/store/ynk6nzjgfklnfqw8g6w5a9qk6d9lc7rr-neovim-unwrapped-0.12.4/share/nvim/runtime/plugin/shada.lua
sourcing "/nix/store/ynk6nzjgfklnfqw8g6w5a9qk6d9lc7rr-neovim-unwrapped-0.12.4/share/nvim/runtime/plugin/spellfile.lua"
finished sourcing /nix/store/ynk6nzjgfklnfqw8g6w5a9qk6d9lc7rr-neovim-unwrapped-0.12.4/share/nvim/runtime/plugin/spellfile.lua
sourcing "/nix/store/431qbs8k13gyc7dy1698ycm73an2p56g-neovim-configDir/pack/adios/start/blink.cmp/plugin/blink-cmp.lua"
finished sourcing /nix/store/431qbs8k13gyc7dy1698ycm73an2p56g-neovim-configDir/pack/adios/start/blink.cmp/plugin/blink-cmp.lua
sourcing "/nix/store/431qbs8k13gyc7dy1698ycm73an2p56g-neovim-configDir/pack/adios/start/canola.nvim/plugin/canola.lua"
finished sourcing /nix/store/431qbs8k13gyc7dy1698ycm73an2p56g-neovim-configDir/pack/adios/start/canola.nvim/plugin/canola.lua
sourcing "/nix/store/431qbs8k13gyc7dy1698ycm73an2p56g-neovim-configDir/pack/adios/start/conform.nvim/plugin/conform.lua"
finished sourcing /nix/store/431qbs8k13gyc7dy1698ycm73an2p56g-neovim-configDir/pack/adios/start/conform.nvim/plugin/conform.lua
sourcing "/nix/store/431qbs8k13gyc7dy1698ycm73an2p56g-neovim-configDir/pack/adios/start/fzf-lua/plugin/fzf-lua.lua"
finished sourcing /nix/store/431qbs8k13gyc7dy1698ycm73an2p56g-neovim-configDir/pack/adios/start/fzf-lua/plugin/fzf-lua.lua
sourcing "/nix/store/431qbs8k13gyc7dy1698ycm73an2p56g-neovim-configDir/pack/adios/start/luasnip/plugin/luasnip.vim"
finished sourcing /nix/store/431qbs8k13gyc7dy1698ycm73an2p56g-neovim-configDir/pack/adios/start/luasnip/plugin/luasnip.vim
sourcing "/nix/store/431qbs8k13gyc7dy1698ycm73an2p56g-neovim-configDir/pack/adios/start/luasnip/plugin/luasnip.lua"
finished sourcing /nix/store/431qbs8k13gyc7dy1698ycm73an2p56g-neovim-configDir/pack/adios/start/luasnip/plugin/luasnip.lua
sourcing "/nix/store/431qbs8k13gyc7dy1698ycm73an2p56g-neovim-configDir/pack/adios/start/nvim-lspconfig/plugin/lspconfig.lua"
finished sourcing /nix/store/431qbs8k13gyc7dy1698ycm73an2p56g-neovim-configDir/pack/adios/start/nvim-lspconfig/plugin/lspconfig.lua
sourcing "/nix/store/431qbs8k13gyc7dy1698ycm73an2p56g-neovim-configDir/pack/adios/start/nvim-surround/plugin/nvim-surround.lua"
finished sourcing /nix/store/431qbs8k13gyc7dy1698ycm73an2p56g-neovim-configDir/pack/adios/start/nvim-surround/plugin/nvim-surround.lua
sourcing "/nix/store/431qbs8k13gyc7dy1698ycm73an2p56g-neovim-configDir/pack/adios/start/nvim-treesitter/plugin/filetypes.lua"
finished sourcing /nix/store/431qbs8k13gyc7dy1698ycm73an2p56g-neovim-configDir/pack/adios/start/nvim-treesitter/plugin/filetypes.lua
sourcing "/nix/store/431qbs8k13gyc7dy1698ycm73an2p56g-neovim-configDir/pack/adios/start/nvim-treesitter/plugin/nvim-treesitter.lua"
finished sourcing /nix/store/431qbs8k13gyc7dy1698ycm73an2p56g-neovim-configDir/pack/adios/start/nvim-treesitter/plugin/nvim-treesitter.lua
sourcing "/nix/store/431qbs8k13gyc7dy1698ycm73an2p56g-neovim-configDir/pack/adios/start/nvim-treesitter/plugin/query_predicates.lua"
finished sourcing /nix/store/431qbs8k13gyc7dy1698ycm73an2p56g-neovim-configDir/pack/adios/start/nvim-treesitter/plugin/query_predicates.lua
sourcing "/nix/store/431qbs8k13gyc7dy1698ycm73an2p56g-neovim-configDir/pack/adios/start/nvim-web-devicons/plugin/nvim-web-devicons.vim"
finished sourcing /nix/store/431qbs8k13gyc7dy1698ycm73an2p56g-neovim-configDir/pack/adios/start/nvim-web-devicons/plugin/nvim-web-devicons.vim
sourcing "/nix/store/431qbs8k13gyc7dy1698ycm73an2p56g-neovim-configDir/pack/adios/start/onedarkpro.nvim/plugin/onedarkpro.lua"
finished sourcing /nix/store/431qbs8k13gyc7dy1698ycm73an2p56g-neovim-configDir/pack/adios/start/onedarkpro.nvim/plugin/onedarkpro.lua
sourcing "/nix/store/431qbs8k13gyc7dy1698ycm73an2p56g-neovim-configDir/pack/adios/start/rainbow-delimiters.nvim/plugin/rainbow-delimiters.lua"
finished sourcing /nix/store/431qbs8k13gyc7dy1698ycm73an2p56g-neovim-configDir/pack/adios/start/rainbow-delimiters.nvim/plugin/rainbow-delimiters.lua
not found in 'packpath': "start/*"
not found in runtime path: "plugin/**/*"
Reading ShaDa file "/home/gleask/.local/state/nvim/shada/main.shada" info marks oldfiles


--- Terminal info --- {{{
&term: ghostty
using terminfo database

Boolean capabilities:
  back_color_erase: true
  truecolor ('Tc' or 'RGB'): true
  extended underline ('Su'): true

Numeric capabilities: (-1 for unknown)
  lines: 24
  columns: 80
  max_colors: 80

String capabilities:
  carriage_return                 = ^M
  change_scroll_region            = ^[[%i%p1%d;%p2%dr
  clear_screen                    = ^[[H^[[2J
  clr_eol                         = ^[[K
  clr_eos                         = ^[[J
  cursor_address                  = ^[[%i%p1%d;%p2%dH
  cursor_down                     = ^@
  cursor_invisible                = ^[[?25l
  cursor_left                     = ^H
  cursor_home                     = ^[[H
  cursor_normal                   = ^[[?25h
  cursor_up                       = ^[[A
  cursor_right                    = ^[[C
  delete_line                     = ^[[M
  enter_blink_mode                = ^[[5m
  enter_bold_mode                 = ^[[1m
  enter_ca_mode                   = ^[[?1049h
  enter_dim_mode                  = ^[[2m
  enter_italics_mode              = ^[[3m
  enter_reverse_mode              = ^[[7m
  enter_secure_mode               = ^[[8m
  enter_standout_mode             = ^[[7m
  enter_underline_mode            = ^[[4m
  erase_chars                     = ^[[%p1%dX
  exit_attribute_mode             = ^[(B^[[m
  exit_ca_mode                    = ^[[?1049l
  from_status_line                = ^G
  insert_line                     = ^[[L
  keypad_local                    = ^[[?1l^[>
  keypad_xmit                     = ^[[?1h^[=
  parm_delete_line                = ^[[%p1%dM
  parm_down_cursor                = ^[[%p1%dB
  parm_insert_line                = ^[[%p1%dL
  parm_left_cursor                = ^[[%p1%dD
  parm_right_cursor               = ^[[%p1%dC
  parm_up_cursor                  = ^[[%p1%dA
  set_a_background                = ^[[%?%p1%{8}%<%t4%p1%d%e%p1%{16}%<%t10%p1%{8}%-%d%e48;5;%p1%d%;m
  set_a_foreground                = ^[[%?%p1%{8}%<%t3%p1%d%e%p1%{16}%<%t9%p1%{8}%-%d%e38;5;%p1%d%;m
  set_attributes                  = %?%p9%t^[(0%e^[(B%;^[[0%?%p6%t;1%;%?%p5%t;2%;%?%p2%t;4%;%?%p1%p3%|%t;7%;%?%p4%t;5%;%?%p7%t;8%;m
  to_status_line                  = ^[]2;
  reset_cursor_style (Se)         = ^[[2 q
  set_cursor_style (Ss)           = ^[[%p1%d q
  enter_strikethrough_mode (smxx) = ^[[9m
  set_rgb_foreground (setrgbf)    = ^[[38:2:%p1%d:%p2%d:%p3%dm
  set_rgb_background (setrgbb)    = ^[[48:2:%p1%d:%p2%d:%p3%dm
  set_underline_style (Smulx)     = ^[[4:%p1%dm
  key_btab                        = ^[[Z
  key_dc                          = ^[[3~, key_sdc = ^[[3;2~
  key_end                         = ^[OF, key_send = ^[[1;2F
  key_home                        = ^[OH, key_shome = ^[[1;2H
  key_ic                          = ^[[2~, key_sic = ^[[2;2~
  key_npage                       = ^[[6~
  key_ppage                       = ^[[5~
  key_left                        = ^[OD, key_sleft = ^[[1;2D
  key_right                       = ^[OC, key_sright = ^[[1;2C
  key_f2                          = ^[OQ
  key_f3                          = ^[OR
  key_f4                          = ^[OS
  key_f5                          = ^[[15~
  key_f6                          = ^[[17~
  key_f7                          = ^[[18~
  key_f8                          = ^[[19~
  key_f9                          = ^[[20~
  key_f10                         = ^[[21~
  key_f11                         = ^[[23~
  key_f12                         = ^[[24~
  key_f13                         = ^[[1;2P
  key_f14                         = ^[[1;2Q
  key_f15                         = ^[[1;2R
  key_f16                         = ^[[1;2S
  key_f17                         = ^[[15;2~
  key_f18                         = ^[[17;2~
  key_f19                         = ^[[18;2~
  key_f20                         = ^[[19;2~
  key_f21                         = ^[[20;2~
  key_f22                         = ^[[21;2~
  key_f23                         = ^[[23;2~
  key_f24                         = ^[[24;2~
  key_f25                         = ^[[1;5P
  key_f26                         = ^[[1;5Q
  key_f27                         = ^[[1;5R
  key_f28                         = ^[[1;5S
  key_f29                         = ^[[15;5~
  key_f30                         = ^[[17;5~
  key_f31                         = ^[[18;5~
  key_f32                         = ^[[19;5~
  key_f33                         = ^[[20;5~
  key_f34                         = ^[[21;5~
  key_f35                         = ^[[23;5~
  key_f36                         = ^[[24;5~
  key_f37                         = ^[[1;6P
  key_f38                         = ^[[1;6Q
  key_f39                         = ^[[1;6R
  key_f40                         = ^[[1;6S
  key_f41                         = ^[[15;6~
  key_f42                         = ^[[17;6~
  key_f43                         = ^[[18;6~
  key_f44                         = ^[[19;6~
  key_f45                         = ^[[20;6~
  key_f46                         = ^[[21;6~
  key_f47                         = ^[[23;6~
  key_f48                         = ^[[24;6~
  key_f49                         = ^[[1;3P
  key_f50                         = ^[[1;3Q
  key_f51                         = ^[[1;3R
  key_f52                         = ^[[1;3S
  key_f53                         = ^[[15;3~
  key_f54                         = ^[[17;3~
  key_f55                         = ^[[18;3~
  key_f56                         = ^[[19;3~
  key_f57                         = ^[[20;3~
  key_f58                         = ^[[21;3~
  key_f59                         = ^[[23;3~
  key_f60                         = ^[[24;3~
  key_f61                         = ^[[1;4P
  key_f62                         = ^[[1;4Q
  key_f63                         = ^[[1;4R
}}}


Writing ShaDa file "/home/gleask/.local/state/nvim/shada/main.shada"